18:25:26 [INFO] ================================================
18:25:26 [INFO]   Pipeline CONTR — corpus científico en español
18:25:26 [INFO] ================================================
18:25:26 [INFO]   Modo         : full
18:25:26 [INFO]   Corpus dir   : G:/Mi unidad/UNIANDES/MAESTRIA_INTELIGENCIA_ARTICIFIAL/CORPUS_PROYECTO_GRADO/core
18:25:26 [INFO]   Salida       : .\output_full_202604201824_sinB11
18:25:26 [INFO]   min/max words: 250 / 1000
18:25:26 [INFO]   Overlap      : 2 oraciones
18:25:26 [INFO]   Max CONTR/doc: 5 fragmentos
18:25:26 [INFO]   Segmentador  : spacy
18:25:26 [INFO]   Target T1    : 2000  T2pos: 1000  T2neg: 1000
18:25:26 [INFO]   Block patrones: ['B11-primera-vez']
18:25:26 [INFO]   Workers      : 8
18:25:26 [INFO]   Batch size   : 200
18:25:26 [INFO]   Reanudar     : False
18:25:26 [INFO] Cargando lista de archivos desde: .\corpus_filelist.txt
18:25:28 [INFO] Total de archivos en filelist: 1,339,853
18:25:57 [INFO] Total de archivos encontrados: 1,339,853
18:25:57 [INFO] Segmentador      : spacy
18:25:57 [INFO] Objetivos        : T1>=2000  T2pos>=1000  T2neg>=1000
18:25:57 [INFO] MODO FULL -- workers=8  batch=200
18:27:16 [INFO] Procesados      200/1,339,853 docs  (3 doc/s)  CONTR t1=134  pos=79  hard_neg=73
18:29:32 [INFO] ================================================
18:29:32 [INFO]   Pipeline CONTR — corpus científico en español
18:29:32 [INFO] ================================================
18:29:32 [INFO]   Modo         : full
18:29:32 [INFO]   Corpus dir   : G:/Mi unidad/UNIANDES/MAESTRIA_INTELIGENCIA_ARTICIFIAL/CORPUS_PROYECTO_GRADO/core
18:29:32 [INFO]   Salida       : .\output_full_202604201824_sinB11
18:29:32 [INFO]   min/max words: 250 / 1000
18:29:32 [INFO]   Overlap      : 2 oraciones
18:29:32 [INFO]   Max CONTR/doc: 5 fragmentos
18:29:32 [INFO]   Segmentador  : spacy
18:29:32 [INFO]   Target T1    : 2000  T2pos: 1000  T2neg: 1000
18:29:32 [INFO]   Block patrones: ['B11-primera-vez']
18:29:32 [INFO]   Workers      : 8
18:29:32 [INFO]   Batch size   : 200
18:29:32 [INFO]   Reanudar     : False
18:29:32 [INFO] Cargando lista de archivos desde: .\corpus_filelist.txt
18:29:36 [INFO] Total de archivos en filelist: 1,339,853
18:30:29 [INFO] Total de archivos encontrados: 1,339,853
18:30:29 [INFO] Segmentador      : spacy
18:30:29 [INFO] Objetivos        : T1>=2000  T2pos>=1000  T2neg>=1000
18:30:29 [INFO] MODO FULL -- workers=8  batch=200
18:31:28 [INFO] Procesados      200/1,339,853 docs  (3 doc/s)  CONTR t1=134  pos=79  hard_neg=73
18:43:18 [INFO] Procesados    2,200/1,339,853 docs  (3 doc/s)  CONTR t1=1,811  pos=1,034  hard_neg=849
18:44:35 [INFO] ------------------------------------------------------------
18:44:35 [INFO]   *** PARADA ANTICIPADA: todos los objetivos cumplidos ***
18:44:35 [INFO]   T1  CONTR     : 2,117  (objetivo: 2,000)
18:44:35 [INFO]   T2  positivos : 1,252  (objetivo: 1,000)
18:44:35 [INFO]   T2  neg.puros : 1,500  (objetivo: 1,000)
18:44:35 [INFO]   Ultimo batch  : G:\Mi unidad\UNIANDES\MAESTRIA_INTELIGENCIA_ARTICIFIAL\CORPUS_PROYECTO_GRADO\core\10171651.txt
18:44:35 [INFO]   Docs procesados hasta parada: 2,400
18:44:35 [INFO] ------------------------------------------------------------
18:44:35 [INFO] ------------------------------------------------------------
18:44:35 [INFO]   Documentos procesados     :      2,400
18:44:35 [INFO]   Tiempo total              :      846.4 s  (14.1 min)
18:44:35 [INFO]   Velocidad                 :        2.8 doc/s
18:44:35 [INFO]   Razon de parada           : OBJETIVOS_ALCANZADOS
18:44:35 [INFO]   tarea1_CONTR (exp+impl)   :      2,117  (objetivo: 2,000)
18:44:35 [INFO]   tarea2_positivos          :      1,252  (objetivo: 1,000)
18:44:35 [INFO]   tarea2_neg_dificiles      :        937
18:44:35 [INFO]     (impl_weak excl. T1)    :         72
18:44:35 [INFO]   tarea2_neg_puros          :      1,500  (objetivo: 1,000)
18:44:35 [INFO]   [OK]  T1  CONTR: 2,117 >= 2,000
18:44:35 [INFO]   [OK]  T2  positivos: 1,252 >= 1,000
18:44:35 [INFO]   [OK]  T2  neg.puros: 1,500 >= 1,000
18:44:35 [INFO]   Stats guardadas en        : output_full_202604201824_sinB11\run_stats.json
18:44:35 [INFO] ------------------------------------------------------------
